// Jest Snapshot v1, https://jestjs.io/docs/snapshot-testing

exports[`portfolio export matches snapshot 1`] = `
"<!DOCTYPE html>
<html lang="en">
<head>
  <meta charset="UTF-8">
  <title>Portfolio</title>
  <link href="tailwind.css" rel="stylesheet">
</head>
<body class="bg-white p-4">
  <div class="flex flex-col gap-4">
    <div>Hello</div>
    <img src="img.png" class="w-full" />
    <div><a href="https://example.com" class="text-blue-500 underline" target="_blank" rel="noopener">https://example.com</a></div>
  </div>
</body>
</html>"
`;

exports[`portfolio export matches snapshot 2`] = `
"@tailwind base;
@tailwind components;
@tailwind utilities;"
`;
