// Jest Snapshot v1, https://jestjs.io/docs/snapshot-testing

exports[`portfolio export matches snapshot 1`] = `
"<!DOCTYPE html>
<html lang="en">
<head>
  <meta charset="UTF-8">
  <title>Portfolio</title>
  <link href="./tailwind.css" rel="stylesheet">
</head>
<body>
  <div class="portfolio-container flex flex-col w-[34rem] max-h-[3000px]">
    <div class="flex flex-col gap-2 rounded-lg p-4 bg-white mt-4 max-h-[3000px]">
      <div class="text-block flex flex-col max-h-[1000px] mb-1 mt-2 break-words">Hello</div>
      <img src="img.png"  class="portfolio-img-frame flex flex-col max-h-[3000px] mb-1 mt-2 break-words" />
      <a href="https://example.com" class="text-blue-500 underline break-all" target="_blank" rel="noreferrer">https://example.com</a>
    </div>
  </div>
</body>
</html>"
`;

exports[`portfolio export matches snapshot 2`] = `
"@tailwind base;
@tailwind components;
@tailwind utilities;

.portfolio-container {
  display: flex;
  padding: 50px;
  width: 34rem;
}

.portfolio-img-frame {
  background: transparent;
  border: 1px solid #1a192b;
  padding: 0px;
}

.text-block {
  width: fit-content;
  border: .5px solid #000000;
  border-radius: 2px;
  font-size: .7rem;
  line-height: 1;
  letter-spacing: normal;
  margin: 0.3rem 0;
  padding: 0.3rem;
  max-height: 9.25rem;
  overflow-y: auto;
  scroll-behavior: smooth;
}

.grid {
  display: grid;
  grid-template-columns: repeat(2, minmax(0, 1fr));
  gap: 0.5rem;
}
.flex {
  display: flex;
}
"
`;
